Сообщение об ошибки в программе
Сообщение об ошибки в программе
Сообщение об ошибки в программе
Сообщение об ошибки в программе
Сообщение об ошибки в программе
Сообщение об ошибки в программе
Сообщение об ошибки в программе
Сообщение об ошибки в программе
Сообщение об ошибки в программе
Сообщение об ошибки в программе
Сообщение об ошибки в программе
Сообщение об ошибки в программе
